// Jest Snapshot v1, https://goo.gl/fbAQLP

exports[`<Card /> HomePage renders correctly without crashing 1`] = `
<div
  className="bg-white card"
>
  <div
    className="no-gutters row"
  >
    <div
      className="col-4 col-sm-5"
    >
      <img
        alt="Something"
        className="img-cover"
        src=""
      />
    </div>
    <div
      className="col-8 col-sm-7"
    >
      <div
        className="p-2 card-body"
      >
        <h4
          className="card-title mb-0"
        >
          
        </h4>
        <div
          className="d-flex justify-content-between"
        >
          <a
            className="p-2 text-center justify-content-center card-link"
            href=""
          >
            <i
              aria-hidden="true"
              className="fal p-2 fa-"
            />
            <div
              className="justify-content-between"
            >
              <p
                className="small"
              >
                 
                0
              </p>
              <p
                className="small m-0"
              >
                 
                
                 
              </p>
            </div>
          </a>
          <div
            className="p-2 mt-0 text-center"
          >
            <i
              className="fal p-2 fa-calendar"
            />
            <p
              className="small m-0"
            >
               Publicado 
              hace unos segundos
               
            </p>
          </div>
        </div>
      </div>
    </div>
  </div>
</div>
`;
